Copyright 1986-2023 Xilinx, Inc. All Rights Reserved.
-----------------------------------------------------------------------------------------
| Tool Version : Vivado v.2022.2.2 (win64) Build 3788238 Tue Feb 21 20:00:34 MST 2023
| Date         : Sun Sep 13 14:35:28 2026
| Host         : DESKTOP-0MFHRGM running 64-bit major release  (build 9200)
| Command      : report_utilization -hierarchical -file build/synth/utilization_hier.rpt
| Design       : accel_top
| Device       : xczu7ev-ffvc1156-2-e
| Speed File   : -2
| Design State : Synthesized
-----------------------------------------------------------------------------------------

Utilization Design Information

Table of Contents
-----------------
1. Utilization by Hierarchy

1. Utilization by Hierarchy
---------------------------

+-----------------------+-------------------------------+------------+------------+---------+------+------+--------+--------+------+------------+
|        Instance       |             Module            | Total LUTs | Logic LUTs | LUTRAMs | SRLs |  FFs | RAMB36 | RAMB18 | URAM | DSP Blocks |
+-----------------------+-------------------------------+------------+------------+---------+------+------+--------+--------+------+------------+
| accel_top             |                         (top) |      32387 |      26163 |    6224 |    0 | 5705 |    176 |      0 |   52 |        944 |
|   (accel_top)         |                         (top) |          0 |          0 |       0 |    0 |   11 |      0 |      0 |    0 |          0 |
|   u_act               |                    act_buffer |        612 |        612 |       0 |    0 |    8 |      0 |      0 |   52 |          0 |
|   u_dw                |                     dw_feeder |       4324 |       1956 |    2368 |    0 | 1325 |      0 |      0 |    0 |        144 |
|     (u_dw)            |                     dw_feeder |         97 |         97 |       0 |    0 |  172 |      0 |      0 |    0 |          0 |
|     u_arr             |                      dw_array |        672 |        672 |       0 |    0 |    0 |      0 |      0 |    0 |        144 |
|       ch[0].u_dw      |                     dwconv3x3 |         42 |         42 |       0 |    0 |    0 |      0 |      0 |    0 |          9 |
|       ch[10].u_dw     |                  dwconv3x3_90 |         42 |         42 |       0 |    0 |    0 |      0 |      0 |    0 |          9 |
|       ch[11].u_dw     |                  dwconv3x3_91 |         42 |         42 |       0 |    0 |    0 |      0 |      0 |    0 |          9 |
|       ch[12].u_dw     |                  dwconv3x3_92 |         42 |         42 |       0 |    0 |    0 |      0 |      0 |    0 |          9 |
|       ch[13].u_dw     |                  dwconv3x3_93 |         42 |         42 |       0 |    0 |    0 |      0 |      0 |    0 |          9 |
|       ch[14].u_dw     |                  dwconv3x3_94 |         42 |         42 |       0 |    0 |    0 |      0 |      0 |    0 |          9 |
|       ch[15].u_dw     |                  dwconv3x3_95 |         42 |         42 |       0 |    0 |    0 |      0 |      0 |    0 |          9 |
|       ch[1].u_dw      |                  dwconv3x3_96 |         42 |         42 |       0 |    0 |    0 |      0 |      0 |    0 |          9 |
|       ch[2].u_dw      |                  dwconv3x3_97 |         42 |         42 |       0 |    0 |    0 |      0 |      0 |    0 |          9 |
|       ch[3].u_dw      |                  dwconv3x3_98 |         42 |         42 |       0 |    0 |    0 |      0 |      0 |    0 |          9 |
|       ch[4].u_dw      |                  dwconv3x3_99 |         42 |         42 |       0 |    0 |    0 |      0 |      0 |    0 |          9 |
|       ch[5].u_dw      |                 dwconv3x3_100 |         42 |         42 |       0 |    0 |    0 |      0 |      0 |    0 |          9 |
|       ch[6].u_dw      |                 dwconv3x3_101 |         42 |         42 |       0 |    0 |    0 |      0 |      0 |    0 |          9 |
|       ch[7].u_dw      |                 dwconv3x3_102 |         42 |         42 |       0 |    0 |    0 |      0 |      0 |    0 |          9 |
|       ch[8].u_dw      |                 dwconv3x3_103 |         42 |         42 |       0 |    0 |    0 |      0 |      0 |    0 |          9 |
|       ch[9].u_dw      |                 dwconv3x3_104 |         42 |         42 |       0 |    0 |    0 |      0 |      0 |    0 |          9 |
|     u_lb              |   line_buffer__parameterized0 |       2195 |       1171 |    1024 |    0 | 1153 |      0 |      0 |    0 |          0 |
|     u_wgt             |    wgt_buffer__parameterized1 |       1360 |         16 |    1344 |    0 |    0 |      0 |      0 |    0 |          0 |
|   u_gap               |                    gap_feeder |        737 |        737 |       0 |    0 |  423 |      0 |      0 |    0 |          0 |
|     (u_gap)           |                    gap_feeder |         64 |         64 |       0 |    0 |   86 |      0 |      0 |    0 |          0 |
|     ch[0].u_ap        |                       avgpool |         43 |         43 |       0 |    0 |   22 |      0 |      0 |    0 |          0 |
|     ch[10].u_ap       |                    avgpool_75 |         42 |         42 |       0 |    0 |   21 |      0 |      0 |    0 |          0 |
|     ch[11].u_ap       |                    avgpool_76 |         42 |         42 |       0 |    0 |   21 |      0 |      0 |    0 |          0 |
|     ch[12].u_ap       |                    avgpool_77 |         42 |         42 |       0 |    0 |   21 |      0 |      0 |    0 |          0 |
|     ch[13].u_ap       |                    avgpool_78 |         42 |         42 |       0 |    0 |   21 |      0 |      0 |    0 |          0 |
|     ch[14].u_ap       |                    avgpool_79 |         42 |         42 |       0 |    0 |   21 |      0 |      0 |    0 |          0 |
|     ch[15].u_ap       |                    avgpool_80 |         42 |         42 |       0 |    0 |   21 |      0 |      0 |    0 |          0 |
|     ch[1].u_ap        |                    avgpool_81 |         42 |         42 |       0 |    0 |   21 |      0 |      0 |    0 |          0 |
|     ch[2].u_ap        |                    avgpool_82 |         42 |         42 |       0 |    0 |   21 |      0 |      0 |    0 |          0 |
|     ch[3].u_ap        |                    avgpool_83 |         42 |         42 |       0 |    0 |   21 |      0 |      0 |    0 |          0 |
|     ch[4].u_ap        |                    avgpool_84 |         42 |         42 |       0 |    0 |   21 |      0 |      0 |    0 |          0 |
|     ch[5].u_ap        |                    avgpool_85 |         42 |         42 |       0 |    0 |   21 |      0 |      0 |    0 |          0 |
|     ch[6].u_ap        |                    avgpool_86 |         42 |         42 |       0 |    0 |   21 |      0 |      0 |    0 |          0 |
|     ch[7].u_ap        |                    avgpool_87 |         42 |         42 |       0 |    0 |   21 |      0 |      0 |    0 |          0 |
|     ch[8].u_ap        |                    avgpool_88 |         42 |         42 |       0 |    0 |   21 |      0 |      0 |    0 |          0 |
|     ch[9].u_ap        |                    avgpool_89 |         42 |         42 |       0 |    0 |   21 |      0 |      0 |    0 |          0 |
|   u_img               |                    img_buffer |         73 |         73 |       0 |    0 |    1 |     48 |      0 |    0 |          0 |
|   u_log               |                     logit_out |       1229 |       1229 |       0 |    0 |  304 |      0 |      0 |    0 |          8 |
|     (u_log)           |                     logit_out |         40 |         40 |       0 |    0 |  240 |      0 |      0 |    0 |          0 |
|     cls[0].u_b        |                      bias_add |          4 |          4 |       0 |    0 |    0 |      0 |      0 |    0 |          0 |
|     cls[0].u_r        |    requantize__parameterized0 |        281 |        281 |       0 |    0 |   16 |      0 |      0 |    0 |          2 |
|     cls[1].u_b        |                   bias_add_69 |          0 |          0 |       0 |    0 |    0 |      0 |      0 |    0 |          0 |
|     cls[1].u_r        | requantize__parameterized0_70 |        342 |        342 |       0 |    0 |   16 |      0 |      0 |    0 |          2 |
|     cls[2].u_b        |                   bias_add_71 |          0 |          0 |       0 |    0 |    0 |      0 |      0 |    0 |          0 |
|     cls[2].u_r        | requantize__parameterized0_72 |        281 |        281 |       0 |    0 |   16 |      0 |      0 |    0 |          2 |
|     cls[3].u_b        |                   bias_add_73 |          0 |          0 |       0 |    0 |    0 |      0 |      0 |    0 |          0 |
|     cls[3].u_r        | requantize__parameterized0_74 |        281 |        281 |       0 |    0 |   16 |      0 |      0 |    0 |          2 |
|   u_os                |                     out_stage |      12907 |      10603 |    2304 |    0 | 1794 |      0 |      0 |    0 |         64 |
|     (u_os)            |                     out_stage |          0 |          0 |       0 |    0 |  673 |      0 |      0 |    0 |          0 |
|     u_param           |                  param_buffer |      11632 |       9328 |    2304 |    0 |  864 |      0 |      0 |    0 |          0 |
|     u_rq              |                       rq_bank |       1275 |       1275 |       0 |    0 |  257 |      0 |      0 |    0 |         64 |
|       (u_rq)          |                       rq_bank |          1 |          1 |       0 |    0 |    1 |      0 |      0 |    0 |          0 |
|       ch[0].u_rq      |                    requantize |          1 |          1 |       0 |    0 |    8 |      0 |      0 |    0 |          2 |
|       ch[10].u_rq     |                 requantize_38 |        137 |        137 |       0 |    0 |    8 |      0 |      0 |    0 |          2 |
|       ch[11].u_rq     |                 requantize_39 |        137 |        137 |       0 |    0 |    8 |      0 |      0 |    0 |          2 |
|       ch[12].u_rq     |                 requantize_40 |        137 |        137 |       0 |    0 |    8 |      0 |      0 |    0 |          2 |
|       ch[13].u_rq     |                 requantize_41 |        137 |        137 |       0 |    0 |    8 |      0 |      0 |    0 |          2 |
|       ch[14].u_rq     |                 requantize_42 |        137 |        137 |       0 |    0 |    8 |      0 |      0 |    0 |          2 |
|       ch[15].u_rq     |                 requantize_43 |        137 |        137 |       0 |    0 |    8 |      0 |      0 |    0 |          2 |
|       ch[16].u_rq     |                 requantize_44 |        140 |        140 |       0 |    0 |    8 |      0 |      0 |    0 |          2 |
|       ch[17].u_rq     |                 requantize_45 |          7 |          7 |       0 |    0 |    8 |      0 |      0 |    0 |          2 |
|       ch[18].u_rq     |                 requantize_46 |          7 |          7 |       0 |    0 |    8 |      0 |      0 |    0 |          2 |
|       ch[19].u_rq     |                 requantize_47 |        140 |        140 |       0 |    0 |    8 |      0 |      0 |    0 |          2 |
|       ch[1].u_rq      |                 requantize_48 |          1 |          1 |       0 |    0 |    8 |      0 |      0 |    0 |          2 |
|       ch[20].u_rq     |                 requantize_49 |          7 |          7 |       0 |    0 |    8 |      0 |      0 |    0 |          2 |
|       ch[21].u_rq     |                 requantize_50 |          7 |          7 |       0 |    0 |    8 |      0 |      0 |    0 |          2 |
|       ch[22].u_rq     |                 requantize_51 |          7 |          7 |       0 |    0 |    8 |      0 |      0 |    0 |          2 |
|       ch[23].u_rq     |                 requantize_52 |          7 |          7 |       0 |    0 |    8 |      0 |      0 |    0 |          2 |
|       ch[24].u_rq     |                 requantize_53 |         15 |         15 |       0 |    0 |    8 |      0 |      0 |    0 |          2 |
|       ch[25].u_rq     |                 requantize_54 |         15 |         15 |       0 |    0 |    8 |      0 |      0 |    0 |          2 |
|       ch[26].u_rq     |                 requantize_55 |         15 |         15 |       0 |    0 |    8 |      0 |      0 |    0 |          2 |
|       ch[27].u_rq     |                 requantize_56 |         15 |         15 |       0 |    0 |    8 |      0 |      0 |    0 |          2 |
|       ch[28].u_rq     |                 requantize_57 |         15 |         15 |       0 |    0 |    8 |      0 |      0 |    0 |          2 |
|       ch[29].u_rq     |                 requantize_58 |         15 |         15 |       0 |    0 |    8 |      0 |      0 |    0 |          2 |
|       ch[2].u_rq      |                 requantize_59 |          1 |          1 |       0 |    0 |    8 |      0 |      0 |    0 |          2 |
|       ch[30].u_rq     |                 requantize_60 |         15 |         15 |       0 |    0 |    8 |      0 |      0 |    0 |          2 |
|       ch[31].u_rq     |                 requantize_61 |         15 |         15 |       0 |    0 |    8 |      0 |      0 |    0 |          2 |
|       ch[3].u_rq      |                 requantize_62 |          1 |          1 |       0 |    0 |    8 |      0 |      0 |    0 |          2 |
|       ch[4].u_rq      |                 requantize_63 |          1 |          1 |       0 |    0 |    8 |      0 |      0 |    0 |          2 |
|       ch[5].u_rq      |                 requantize_64 |          1 |          1 |       0 |    0 |    8 |      0 |      0 |    0 |          2 |
|       ch[6].u_rq      |                 requantize_65 |          1 |          1 |       0 |    0 |    8 |      0 |      0 |    0 |          2 |
|       ch[7].u_rq      |                 requantize_66 |          1 |          1 |       0 |    0 |    8 |      0 |      0 |    0 |          2 |
|       ch[8].u_rq      |                 requantize_67 |          1 |          1 |       0 |    0 |    8 |      0 |      0 |    0 |          2 |
|       ch[9].u_rq      |                 requantize_68 |          1 |          1 |       0 |    0 |    8 |      0 |      0 |    0 |          2 |
|   u_pwf               |                     pw_feeder |        961 |        961 |       0 |    0 |  206 |    128 |      0 |    0 |        512 |
|     (u_pwf)           |                     pw_feeder |         67 |         67 |       0 |    0 |  139 |      0 |      0 |    0 |          0 |
|     u_addr            |                      addr_gen |        100 |        100 |       0 |    0 |   66 |      0 |      0 |    0 |          0 |
|     u_array           |                      pe_array |        762 |        762 |       0 |    0 |    1 |      0 |      0 |    0 |        512 |
|       (u_array)       |                      pe_array |          1 |          1 |       0 |    0 |    0 |      0 |      0 |    0 |          0 |
|       lane[0].u_lane  |                      mac_lane |         47 |         47 |       0 |    0 |    1 |      0 |      0 |    0 |         16 |
|       lane[10].u_lane |                    mac_lane_7 |         21 |         21 |       0 |    0 |    0 |      0 |      0 |    0 |         16 |
|       lane[11].u_lane |                    mac_lane_8 |         21 |         21 |       0 |    0 |    0 |      0 |      0 |    0 |         16 |
|       lane[12].u_lane |                    mac_lane_9 |         21 |         21 |       0 |    0 |    0 |      0 |      0 |    0 |         16 |
|       lane[13].u_lane |                   mac_lane_10 |         21 |         21 |       0 |    0 |    0 |      0 |      0 |    0 |         16 |
|       lane[14].u_lane |                   mac_lane_11 |         21 |         21 |       0 |    0 |    0 |      0 |      0 |    0 |         16 |
|       lane[15].u_lane |                   mac_lane_12 |         21 |         21 |       0 |    0 |    0 |      0 |      0 |    0 |         16 |
|       lane[16].u_lane |                   mac_lane_13 |         21 |         21 |       0 |    0 |    0 |      0 |      0 |    0 |         16 |
|       lane[17].u_lane |                   mac_lane_14 |         21 |         21 |       0 |    0 |    0 |      0 |      0 |    0 |         16 |
|       lane[18].u_lane |                   mac_lane_15 |         21 |         21 |       0 |    0 |    0 |      0 |      0 |    0 |         16 |
|       lane[19].u_lane |                   mac_lane_16 |         21 |         21 |       0 |    0 |    0 |      0 |      0 |    0 |         16 |
|       lane[1].u_lane  |                   mac_lane_17 |         42 |         42 |       0 |    0 |    0 |      0 |      0 |    0 |         16 |
|       lane[20].u_lane |                   mac_lane_18 |         21 |         21 |       0 |    0 |    0 |      0 |      0 |    0 |         16 |
|       lane[21].u_lane |                   mac_lane_19 |         21 |         21 |       0 |    0 |    0 |      0 |      0 |    0 |         16 |
|       lane[22].u_lane |                   mac_lane_20 |         21 |         21 |       0 |    0 |    0 |      0 |      0 |    0 |         16 |
|       lane[23].u_lane |                   mac_lane_21 |         21 |         21 |       0 |    0 |    0 |      0 |      0 |    0 |         16 |
|       lane[24].u_lane |                   mac_lane_22 |         21 |         21 |       0 |    0 |    0 |      0 |      0 |    0 |         16 |
|       lane[25].u_lane |                   mac_lane_23 |         21 |         21 |       0 |    0 |    0 |      0 |      0 |    0 |         16 |
|       lane[26].u_lane |                   mac_lane_24 |         21 |         21 |       0 |    0 |    0 |      0 |      0 |    0 |         16 |
|       lane[27].u_lane |                   mac_lane_25 |         21 |         21 |       0 |    0 |    0 |      0 |      0 |    0 |         16 |
|       lane[28].u_lane |                   mac_lane_26 |         21 |         21 |       0 |    0 |    0 |      0 |      0 |    0 |         16 |
|       lane[29].u_lane |                   mac_lane_27 |         21 |         21 |       0 |    0 |    0 |      0 |      0 |    0 |         16 |
|       lane[2].u_lane  |                   mac_lane_28 |         42 |         42 |       0 |    0 |    0 |      0 |      0 |    0 |         16 |
|       lane[30].u_lane |                   mac_lane_29 |         21 |         21 |       0 |    0 |    0 |      0 |      0 |    0 |         16 |
|       lane[31].u_lane |                   mac_lane_30 |         21 |         21 |       0 |    0 |    0 |      0 |      0 |    0 |         16 |
|       lane[3].u_lane  |                   mac_lane_31 |         42 |         42 |       0 |    0 |    0 |      0 |      0 |    0 |         16 |
|       lane[4].u_lane  |                   mac_lane_32 |         21 |         21 |       0 |    0 |    0 |      0 |      0 |    0 |         16 |
|       lane[5].u_lane  |                   mac_lane_33 |         21 |         21 |       0 |    0 |    0 |      0 |      0 |    0 |         16 |
|       lane[6].u_lane  |                   mac_lane_34 |         21 |         21 |       0 |    0 |    0 |      0 |      0 |    0 |         16 |
|       lane[7].u_lane  |                   mac_lane_35 |         21 |         21 |       0 |    0 |    0 |      0 |      0 |    0 |         16 |
|       lane[8].u_lane  |                   mac_lane_36 |         21 |         21 |       0 |    0 |    0 |      0 |      0 |    0 |         16 |
|       lane[9].u_lane  |                   mac_lane_37 |         21 |         21 |       0 |    0 |    0 |      0 |      0 |    0 |         16 |
|     u_wgt             |    wgt_buffer__parameterized0 |         32 |         32 |       0 |    0 |    0 |    128 |      0 |    0 |          0 |
|   u_pwo               |                        pw_out |         32 |         32 |       0 |    0 |   41 |      0 |      0 |    0 |          0 |
|   u_res               |                    res_feeder |        478 |        478 |       0 |    0 |  490 |      0 |      0 |    0 |          0 |
|   u_seq               |                       top_seq |       2389 |       2069 |     320 |    0 |  273 |      0 |      0 |    0 |          0 |
|   u_stem              |                   stem_feeder |       8776 |       7544 |    1232 |    0 |  829 |      0 |      0 |    0 |        216 |
|     (u_stem)          |                   stem_feeder |       1229 |       1229 |       0 |    0 |  612 |      0 |      0 |    0 |          0 |
|     u_arr             |                    stem_array |       5987 |       5987 |       0 |    0 |    0 |      0 |      0 |    0 |        216 |
|       lane[0].u_conv  |                   conv3x3_std |        750 |        750 |       0 |    0 |    0 |      0 |      0 |    0 |         27 |
|       lane[1].u_conv  |                 conv3x3_std_0 |        884 |        884 |       0 |    0 |    0 |      0 |      0 |    0 |         27 |
|       lane[2].u_conv  |                 conv3x3_std_1 |        540 |        540 |       0 |    0 |    0 |      0 |      0 |    0 |         27 |
|       lane[3].u_conv  |                 conv3x3_std_2 |        865 |        865 |       0 |    0 |    0 |      0 |      0 |    0 |         27 |
|       lane[4].u_conv  |                 conv3x3_std_3 |        742 |        742 |       0 |    0 |    0 |      0 |      0 |    0 |         27 |
|       lane[5].u_conv  |                 conv3x3_std_4 |        910 |        910 |       0 |    0 |    0 |      0 |      0 |    0 |         27 |
|       lane[6].u_conv  |                 conv3x3_std_5 |        720 |        720 |       0 |    0 |    0 |      0 |      0 |    0 |         27 |
|       lane[7].u_conv  |                 conv3x3_std_6 |        576 |        576 |       0 |    0 |    0 |      0 |      0 |    0 |         27 |
|     u_lb              |                   line_buffer |        560 |        320 |     240 |    0 |  217 |      0 |      0 |    0 |          0 |
|     u_wgt             |                    wgt_buffer |       1000 |          8 |     992 |    0 |    0 |      0 |      0 |    0 |          0 |
+-----------------------+-------------------------------+------------+------------+---------+------+------+--------+--------+------+------------+


